Mar 27 12:35:13 ccabral kernel: [    0.000000] Linux version 5.1.0-rc1-thor_kernel (root@ccabral) (gcc version 8.2.0 (GCC)) #2 SMP Fri Mar 22 18:20:31 CET 2019
Mar 27 12:35:13 ccabral kernel: [    0.000000] Command line: BOOT_IMAGE=/vmlinuz-5.1.0-rc1-thor_kernel root=/dev/sda3 ro
Mar 27 12:35:13 ccabral kernel: [    0.000000] x86/fpu: Supporting XSAVE feature 0x001: 'x87 floating point registers'
Mar 27 12:35:13 ccabral kernel: [    0.000000] x86/fpu: Supporting XSAVE feature 0x002: 'SSE registers'
Mar 27 12:35:13 ccabral kernel: [    0.000000] x86/fpu: Supporting XSAVE feature 0x004: 'AVX registers'
Mar 27 12:35:13 ccabral kernel: [    0.000000] x86/fpu: Supporting XSAVE feature 0x008: 'MPX bounds registers'
Mar 27 12:35:13 ccabral kernel: [    0.000000] x86/fpu: Supporting XSAVE feature 0x010: 'MPX CSR'
Mar 27 12:35:13 ccabral kernel: [    0.000000] x86/fpu: xstate_offset[2]:  576, xstate_sizes[2]:  256
Mar 27 12:35:13 ccabral kernel: [    0.000000] x86/fpu: xstate_offset[3]:  832, xstate_sizes[3]:   64
Mar 27 12:35:13 ccabral kernel: [    0.000000] x86/fpu: xstate_offset[4]:  896, xstate_sizes[4]:   64
Mar 27 12:35:13 ccabral kernel: [    0.000000] x86/fpu: Enabled xstate features 0x1f, context size is 960 bytes, using 'compacted' format.
Mar 27 12:35:13 ccabral kernel: [    0.000000] BIOS-provided physical RAM map:
Mar 27 12:35:13 ccabral kernel: [    0.000000] BIOS-e820: [mem 0x0000000000000000-0x000000000009fbff] usable
Mar 27 12:35:13 ccabral kernel: [    0.000000] BIOS-e820: [mem 0x000000000009fc00-0x000000000009ffff] reserved
Mar 27 12:35:13 ccabral kernel: [    0.000000] BIOS-e820: [mem 0x00000000000f0000-0x00000000000fffff] reserved
Mar 27 12:35:13 ccabral kernel: [    0.000000] BIOS-e820: [mem 0x0000000000100000-0x00000000bffdefff] usable
Mar 27 12:35:13 ccabral kernel: [    0.000000] BIOS-e820: [mem 0x00000000bffdf000-0x00000000bfffffff] reserved
Mar 27 12:35:13 ccabral kernel: [    0.000000] BIOS-e820: [mem 0x00000000feffc000-0x00000000feffffff] reserved
Mar 27 12:35:13 ccabral kernel: [    0.000000] BIOS-e820: [mem 0x00000000fffc0000-0x00000000ffffffff] reserved
Mar 27 12:35:13 ccabral kernel: [    0.000000] BIOS-e820: [mem 0x0000000100000000-0x000000013fffffff] usable
Mar 27 12:35:13 ccabral kernel: [    0.000000] NX (Execute Disable) protection: active
Mar 27 12:35:13 ccabral kernel: [    0.000000] SMBIOS 2.8 present.
Mar 27 12:35:13 ccabral kernel: [    0.000000] DMI: QEMU Standard PC (i440FX + PIIX, 1996), BIOS 1.12.0-20181126_142135-anatol 04/01/2014
Mar 27 12:35:13 ccabral kernel: [    0.000000] tsc: Fast TSC calibration using PIT
Mar 27 12:35:13 ccabral kernel: [    0.000000] tsc: Detected 1799.940 MHz processor
Mar 27 12:35:13 ccabral kernel: [    0.001274] e820: update [mem 0x00000000-0x00000fff] usable ==> reserved
Mar 27 12:35:13 ccabral kernel: [    0.001275] e820: remove [mem 0x000a0000-0x000fffff] usable
Mar 27 12:35:13 ccabral kernel: [    0.001277] last_pfn = 0x140000 max_arch_pfn = 0x400000000
Mar 27 12:35:13 ccabral kernel: [    0.001298] MTRR default type: write-back
Mar 27 12:35:13 ccabral kernel: [    0.001298] MTRR fixed ranges enabled:
Mar 27 12:35:13 ccabral kernel: [    0.001299]   00000-9FFFF write-back
Mar 27 12:35:13 ccabral kernel: [    0.001300]   A0000-BFFFF uncachable
Mar 27 12:35:13 ccabral kernel: [    0.001300]   C0000-FFFFF write-protect
Mar 27 12:35:13 ccabral kernel: [    0.001301] MTRR variable ranges enabled:
Mar 27 12:35:13 ccabral kernel: [    0.001302]   0 base 00C0000000 mask FFC0000000 uncachable
Mar 27 12:35:13 ccabral kernel: [    0.001302]   1 disabled
Mar 27 12:35:13 ccabral kernel: [    0.001302]   2 disabled
Mar 27 12:35:13 ccabral kernel: [    0.001302]   3 disabled
Mar 27 12:35:13 ccabral kernel: [    0.001303]   4 disabled
Mar 27 12:35:13 ccabral kernel: [    0.001303]   5 disabled
Mar 27 12:35:13 ccabral kernel: [    0.001303]   6 disabled
Mar 27 12:35:13 ccabral kernel: [    0.001303]   7 disabled
Mar 27 12:35:13 ccabral kernel: [    0.001310] x86/PAT: Configuration [0-7]: WB  WC  UC- UC  WB  WP  UC- WT  
Mar 27 12:35:13 ccabral kernel: [    0.001314] last_pfn = 0xbffdf max_arch_pfn = 0x400000000
Mar 27 12:35:13 ccabral kernel: [    0.004330] found SMP MP-table at [mem 0x000f5c40-0x000f5c4f] mapped at [(____ptrval____)]
Mar 27 12:35:13 ccabral kernel: [    0.004360] check: Scanning 1 areas for low memory corruption
Mar 27 12:35:13 ccabral kernel: [    0.004361] Base memory trampoline at [(____ptrval____)] 99000 size 24576
Mar 27 12:35:13 ccabral kernel: [    0.004373] Using GB pages for direct mapping
Mar 27 12:35:13 ccabral kernel: [    0.004375] BRK [0x13e801000, 0x13e801fff] PGTABLE
Mar 27 12:35:13 ccabral kernel: [    0.004376] BRK [0x13e802000, 0x13e802fff] PGTABLE
Mar 27 12:35:13 ccabral kernel: [    0.004376] BRK [0x13e803000, 0x13e803fff] PGTABLE
Mar 27 12:35:13 ccabral kernel: [    0.004385] BRK [0x13e804000, 0x13e804fff] PGTABLE
Mar 27 12:35:13 ccabral kernel: [    0.004401] BRK [0x13e805000, 0x13e805fff] PGTABLE
Mar 27 12:35:13 ccabral kernel: [    0.004407] BRK [0x13e806000, 0x13e806fff] PGTABLE
Mar 27 12:35:13 ccabral kernel: [    0.004418] ACPI: Early table checksum verification disabled
Mar 27 12:35:13 ccabral kernel: [    0.004420] ACPI: RSDP 0x00000000000F5BF0 000014 (v00 BOCHS )
Mar 27 12:35:13 ccabral kernel: [    0.004423] ACPI: RSDT 0x00000000BFFE1420 000030 (v01 BOCHS  BXPCRSDT 00000001 BXPC 00000001)
Mar 27 12:35:13 ccabral kernel: [    0.004426] ACPI: FACP 0x00000000BFFE12CC 000074 (v01 BOCHS  BXPCFACP 00000001 BXPC 00000001)
Mar 27 12:35:13 ccabral kernel: [    0.004429] ACPI: DSDT 0x00000000BFFDFCC0 00160C (v01 BOCHS  BXPCDSDT 00000001 BXPC 00000001)
Mar 27 12:35:13 ccabral kernel: [    0.004431] ACPI: FACS 0x00000000BFFDFC80 000040
Mar 27 12:35:13 ccabral kernel: [    0.004433] ACPI: APIC 0x00000000BFFE1340 0000A8 (v01 BOCHS  BXPCAPIC 00000001 BXPC 00000001)
Mar 27 12:35:13 ccabral kernel: [    0.004434] ACPI: HPET 0x00000000BFFE13E8 000038 (v01 BOCHS  BXPCHPET 00000001 BXPC 00000001)
Mar 27 12:35:13 ccabral kernel: [    0.004439] ACPI: Local APIC address 0xfee00000
Mar 27 12:35:13 ccabral kernel: [    0.004631] No NUMA configuration found
Mar 27 12:35:13 ccabral kernel: [    0.004631] Faking a node at [mem 0x0000000000000000-0x000000013fffffff]
Mar 27 12:35:13 ccabral kernel: [    0.004634] NODE_DATA(0) allocated [mem 0x13fffc000-0x13fffffff]
Mar 27 12:35:13 ccabral kernel: [    0.004644] Zone ranges:
Mar 27 12:35:13 ccabral kernel: [    0.004645]   DMA      [mem 0x0000000000001000-0x0000000000ffffff]
Mar 27 12:35:13 ccabral kernel: [    0.004646]   DMA32    [mem 0x0000000001000000-0x00000000ffffffff]
Mar 27 12:35:13 ccabral kernel: [    0.004646]   Normal   [mem 0x0000000100000000-0x000000013fffffff]
Mar 27 12:35:13 ccabral kernel: [    0.004647] Movable zone start for each node
Mar 27 12:35:13 ccabral kernel: [    0.004648] Early memory node ranges
Mar 27 12:35:13 ccabral kernel: [    0.004648]   node   0: [mem 0x0000000000001000-0x000000000009efff]
Mar 27 12:35:13 ccabral kernel: [    0.004649]   node   0: [mem 0x0000000000100000-0x00000000bffdefff]
Mar 27 12:35:13 ccabral kernel: [    0.004650]   node   0: [mem 0x0000000100000000-0x000000013fffffff]
Mar 27 12:35:13 ccabral kernel: [    0.004656] Zeroed struct page in unavailable ranges: 131 pages
Mar 27 12:35:13 ccabral kernel: [    0.004657] Initmem setup node 0 [mem 0x0000000000001000-0x000000013fffffff]
Mar 27 12:35:13 ccabral kernel: [    0.004658] On node 0 totalpages: 1048445
Mar 27 12:35:13 ccabral kernel: [    0.004659]   DMA zone: 64 pages used for memmap
Mar 27 12:35:13 ccabral kernel: [    0.004659]   DMA zone: 21 pages reserved
Mar 27 12:35:13 ccabral kernel: [    0.004659]   DMA zone: 3998 pages, LIFO batch:0
Mar 27 12:35:13 ccabral kernel: [    0.004723]   DMA32 zone: 12224 pages used for memmap
Mar 27 12:35:13 ccabral kernel: [    0.004723]   DMA32 zone: 782303 pages, LIFO batch:63
Mar 27 12:35:13 ccabral kernel: [    0.018815]   Normal zone: 4096 pages used for memmap
Mar 27 12:35:13 ccabral kernel: [    0.018816]   Normal zone: 262144 pages, LIFO batch:63
Mar 27 12:35:13 ccabral kernel: [    0.023187] ACPI: PM-Timer IO Port: 0x608
Mar 27 12:35:13 ccabral kernel: [    0.023189] ACPI: Local APIC address 0xfee00000
Mar 27 12:35:13 ccabral kernel: [    0.023193] ACPI: LAPIC_NMI (acpi_id[0xff] dfl dfl lint[0x1])
Mar 27 12:35:13 ccabral kernel: [    0.023227] IOAPIC[0]: apic_id 0, version 17, address 0xfec00000, GSI 0-23
Mar 27 12:35:13 ccabral kernel: [    0.023228] ACPI: INT_SRC_OVR (bus 0 bus_irq 0 global_irq 2 dfl dfl)
Mar 27 12:35:13 ccabral kernel: [    0.023229] ACPI: INT_SRC_OVR (bus 0 bus_irq 5 global_irq 5 high level)
Mar 27 12:35:13 ccabral kernel: [    0.023230] ACPI: INT_SRC_OVR (bus 0 bus_irq 9 global_irq 9 high level)
Mar 27 12:35:13 ccabral kernel: [    0.023231] ACPI: INT_SRC_OVR (bus 0 bus_irq 10 global_irq 10 high level)
Mar 27 12:35:13 ccabral kernel: [    0.023231] ACPI: INT_SRC_OVR (bus 0 bus_irq 11 global_irq 11 high level)
Mar 27 12:35:13 ccabral kernel: [    0.023232] ACPI: IRQ0 used by override.
Mar 27 12:35:13 ccabral kernel: [    0.023232] ACPI: IRQ5 used by override.
Mar 27 12:35:13 ccabral kernel: [    0.023233] ACPI: IRQ9 used by override.
Mar 27 12:35:13 ccabral kernel: [    0.023233] ACPI: IRQ10 used by override.
Mar 27 12:35:13 ccabral kernel: [    0.023233] ACPI: IRQ11 used by override.
Mar 27 12:35:13 ccabral kernel: [    0.023234] Using ACPI (MADT) for SMP configuration information
Mar 27 12:35:13 ccabral kernel: [    0.023235] ACPI: HPET id: 0x8086a201 base: 0xfed00000
Mar 27 12:35:13 ccabral kernel: [    0.023241] smpboot: Allowing 7 CPUs, 0 hotplug CPUs
Mar 27 12:35:13 ccabral kernel: [    0.023248] PM: Registered nosave memory: [mem 0x00000000-0x00000fff]
Mar 27 12:35:13 ccabral kernel: [    0.023249] PM: Registered nosave memory: [mem 0x0009f000-0x0009ffff]
Mar 27 12:35:13 ccabral kernel: [    0.023249] PM: Registered nosave memory: [mem 0x000a0000-0x000effff]
Mar 27 12:35:13 ccabral kernel: [    0.023250] PM: Registered nosave memory: [mem 0x000f0000-0x000fffff]
Mar 27 12:35:13 ccabral kernel: [    0.023251] PM: Registered nosave memory: [mem 0xbffdf000-0xbfffffff]
Mar 27 12:35:13 ccabral kernel: [    0.023251] PM: Registered nosave memory: [mem 0xc0000000-0xfeffbfff]
Mar 27 12:35:13 ccabral kernel: [    0.023252] PM: Registered nosave memory: [mem 0xfeffc000-0xfeffffff]
Mar 27 12:35:13 ccabral kernel: [    0.023252] PM: Registered nosave memory: [mem 0xff000000-0xfffbffff]
Mar 27 12:35:13 ccabral kernel: [    0.023253] PM: Registered nosave memory: [mem 0xfffc0000-0xffffffff]
Mar 27 12:35:13 ccabral kernel: [    0.023254] [mem 0xc0000000-0xfeffbfff] available for PCI devices
Mar 27 12:35:13 ccabral kernel: [    0.023257] clocksource: refined-jiffies: mask: 0xffffffff max_cycles: 0xffffffff, max_idle_ns: 1910969940391419 ns
Mar 27 12:35:13 ccabral kernel: [    0.023264] random: get_random_bytes called from start_kernel+0x90/0x48a with crng_init=0
Mar 27 12:35:13 ccabral kernel: [    0.023267] setup_percpu: NR_CPUS:64 nr_cpumask_bits:64 nr_cpu_ids:7 nr_node_ids:1
Mar 27 12:35:13 ccabral kernel: [    0.023380] percpu: Embedded 43 pages/cpu @(____ptrval____) s138136 r8192 d29800 u262144
Mar 27 12:35:13 ccabral kernel: [    0.023384] pcpu-alloc: s138136 r8192 d29800 u262144 alloc=1*2097152
Mar 27 12:35:13 ccabral kernel: [    0.023384] pcpu-alloc: [0] 0 1 2 3 4 5 6 - 
Mar 27 12:35:13 ccabral kernel: [    0.023396] Built 1 zonelists, mobility grouping on.  Total pages: 1032040
Mar 27 12:35:13 ccabral kernel: [    0.023396] Policy zone: Normal
Mar 27 12:35:13 ccabral kernel: [    0.023397] Kernel command line: BOOT_IMAGE=/vmlinuz-5.1.0-rc1-thor_kernel root=/dev/sda3 ro
Mar 27 12:35:13 ccabral kernel: [    0.027499] Calgary: detecting Calgary via BIOS EBDA area
Mar 27 12:35:13 ccabral kernel: [    0.027501] Calgary: Unable to locate Rio Grande table in EBDA - bailing!
Mar 27 12:35:13 ccabral kernel: [    0.038384] Memory: 4036344K/4193780K available (14340K kernel code, 1294K rwdata, 3080K rodata, 1276K init, 1384K bss, 157436K reserved, 0K cma-reserved)
Mar 27 12:35:13 ccabral kernel: [    0.038439] SLUB: HWalign=64, Order=0-3, MinObjects=0, CPUs=7, Nodes=1
Mar 27 12:35:13 ccabral kernel: [    0.038443] Kernel/User page tables isolation: enabled
Mar 27 12:35:13 ccabral kernel: [    0.038551] rcu: Hierarchical RCU implementation.
Mar 27 12:35:13 ccabral kernel: [    0.038552] rcu: ^IRCU event tracing is enabled.
Mar 27 12:35:13 ccabral kernel: [    0.038553] rcu: ^IRCU restricting CPUs from NR_CPUS=64 to nr_cpu_ids=7.
Mar 27 12:35:13 ccabral kernel: [    0.038554] rcu: RCU calculated value of scheduler-enlistment delay is 100 jiffies.
Mar 27 12:35:13 ccabral kernel: [    0.038555] rcu: Adjusting geometry for rcu_fanout_leaf=16, nr_cpu_ids=7
Mar 27 12:35:13 ccabral kernel: [    0.038680] NR_IRQS: 4352, nr_irqs: 480, preallocated irqs: 16
Mar 27 12:35:13 ccabral kernel: [    0.050227] Console: colour VGA+ 80x25
Mar 27 12:35:13 ccabral kernel: [    0.088652] printk: console [tty0] enabled
Mar 27 12:35:13 ccabral kernel: [    0.088996] ACPI: Core revision 20190215
Mar 27 12:35:13 ccabral kernel: [    0.089539] clocksource: hpet: mask: 0xffffffff max_cycles: 0xffffffff, max_idle_ns: 19112604467 ns
Mar 27 12:35:13 ccabral kernel: [    0.090199] hpet clockevent registered
Mar 27 12:35:13 ccabral kernel: [    0.090220] APIC: Switch to symmetric I/O mode setup
Mar 27 12:35:13 ccabral kernel: [    0.091576] ..TIMER: vector=0x30 apic1=0 pin1=2 apic2=-1 pin2=-1
Mar 27 12:35:13 ccabral kernel: [    0.096268] clocksource: tsc-early: mask: 0xffffffffffffffff max_cycles: 0x19f1f0f4b36, max_idle_ns: 440795246166 ns
Mar 27 12:35:13 ccabral kernel: [    0.096910] Calibrating delay loop (skipped), value calculated using timer frequency.. 3599.88 BogoMIPS (lpj=1799940)
Mar 27 12:35:13 ccabral kernel: [    0.097902] pid_max: default: 32768 minimum: 301
Mar 27 12:35:13 ccabral kernel: [    0.098275] LSM: Security Framework initializing
Mar 27 12:35:13 ccabral kernel: [    0.098907] SELinux:  Initializing.
Mar 27 12:35:13 ccabral kernel: [    0.099241] *** VALIDATE SELinux ***
Mar 27 12:35:13 ccabral kernel: [    0.100294] Dentry cache hash table entries: 524288 (order: 10, 4194304 bytes)
Mar 27 12:35:13 ccabral kernel: [    0.101411] Inode-cache hash table entries: 262144 (order: 9, 2097152 bytes)
Mar 27 12:35:13 ccabral kernel: [    0.101965] Mount-cache hash table entries: 8192 (order: 4, 65536 bytes)
Mar 27 12:35:13 ccabral kernel: [    0.102447] Mountpoint-cache hash table entries: 8192 (order: 4, 65536 bytes)
Mar 27 12:35:13 ccabral kernel: [    0.102990] *** VALIDATE proc ***
Mar 27 12:35:13 ccabral kernel: [    0.103327] *** VALIDATE cgroup1 ***
Mar 27 12:35:13 ccabral kernel: [    0.103647] *** VALIDATE cgroup2 ***
Mar 27 12:35:13 ccabral kernel: [    0.103954] x86/cpu: User Mode Instruction Prevention (UMIP) activated
Mar 27 12:35:13 ccabral kernel: [    0.104350] mce: CPU supports 10 MCE banks
Mar 27 12:35:13 ccabral kernel: [    0.104933] Last level iTLB entries: 4KB 0, 2MB 0, 4MB 0
Mar 27 12:35:13 ccabral kernel: [    0.105308] Last level dTLB entries: 4KB 0, 2MB 0, 4MB 0, 1GB 0
Mar 27 12:35:13 ccabral kernel: [    0.105685] Spectre V2 : Mitigation: Full generic retpoline
Mar 27 12:35:13 ccabral kernel: [    0.105901] Spectre V2 : Spectre v2 / SpectreRSB mitigation: Filling RSB on context switch
Mar 27 12:35:13 ccabral kernel: [    0.106477] Spectre V2 : Enabling Restricted Speculation for firmware calls
Mar 27 12:35:13 ccabral kernel: [    0.106907] Spectre V2 : mitigation: Enabling conditional Indirect Branch Prediction Barrier
Mar 27 12:35:13 ccabral kernel: [    0.107487] Speculative Store Bypass: Mitigation: Speculative Store Bypass disabled via prctl and seccomp
Mar 27 12:35:13 ccabral kernel: [    0.108116] Freeing SMP alternatives memory: 40K
Mar 27 12:35:13 ccabral kernel: [    0.108972] TSC deadline timer enabled
Mar 27 12:35:13 ccabral kernel: [    0.108985] smpboot: CPU0: Intel(R) Core(TM) i5-8250U CPU @ 1.60GHz (family: 0x6, model: 0x8e, stepping: 0xa)
Mar 27 12:35:13 ccabral kernel: [    0.109951] Performance Events: Skylake events, Intel PMU driver.
Mar 27 12:35:13 ccabral kernel: [    0.110599] ... version:                2
Mar 27 12:35:13 ccabral kernel: [    0.110902] ... bit width:              48
Mar 27 12:35:13 ccabral kernel: [    0.111727] ... generic registers:      4
Mar 27 12:35:13 ccabral kernel: [    0.111902] ... value mask:             0000ffffffffffff
Mar 27 12:35:13 ccabral kernel: [    0.112507] ... max period:             000000007fffffff
Mar 27 12:35:13 ccabral kernel: [    0.112902] ... fixed-purpose events:   3
Mar 27 12:35:13 ccabral kernel: [    0.113473] ... event mask:             000000070000000f
Mar 27 12:35:13 ccabral kernel: [    0.113928] rcu: Hierarchical SRCU implementation.
Mar 27 12:35:13 ccabral kernel: [    0.114615] smp: Bringing up secondary CPUs ...
Mar 27 12:35:13 ccabral kernel: [    0.114949] x86: Booting SMP configuration:
Mar 27 12:35:13 ccabral kernel: [    0.115528] .... node  #0, CPUs:      #1 #2 #3 #4 #5 #6
Mar 27 12:35:13 ccabral kernel: [    0.480918] smp: Brought up 1 node, 7 CPUs
Mar 27 12:35:13 ccabral kernel: [    0.481904] smpboot: Max logical packages: 7
Mar 27 12:35:13 ccabral kernel: [    0.482486] smpboot: Total of 7 processors activated (25252.36 BogoMIPS)
Mar 27 12:35:13 ccabral kernel: [    0.483328] devtmpfs: initialized
Mar 27 12:35:13 ccabral kernel: [    0.484067] clocksource: jiffies: mask: 0xffffffff max_cycles: 0xffffffff, max_idle_ns: 1911260446275000 ns
Mar 27 12:35:13 ccabral kernel: [    0.484908] futex hash table entries: 2048 (order: 5, 131072 bytes)
Mar 27 12:35:13 ccabral kernel: [    0.485701] PM: RTC time: 11:35:10, date: 2019-03-27
Mar 27 12:35:13 ccabral kernel: [    0.486243] NET: Registered protocol family 16
Mar 27 12:35:13 ccabral kernel: [    0.486912] audit: initializing netlink subsys (disabled)
Mar 27 12:35:13 ccabral kernel: [    0.487552] audit: type=2000 audit(1553686509.397:1): state=initialized audit_enabled=0 res=1
Mar 27 12:35:13 ccabral kernel: [    0.487904] cpuidle: using governor menu
Mar 27 12:35:13 ccabral kernel: [    0.488928] ACPI: bus type PCI registered
Mar 27 12:35:13 ccabral kernel: [    0.489577] PCI: Using configuration type 1 for base access
Mar 27 12:35:13 ccabral kernel: [    0.491184] HugeTLB registered 2.00 MiB page size, pre-allocated 0 pages
Mar 27 12:35:13 ccabral kernel: [    0.492046] ACPI: Added _OSI(Module Device)
Mar 27 12:35:13 ccabral kernel: [    0.492662] ACPI: Added _OSI(Processor Device)
Mar 27 12:35:13 ccabral kernel: [    0.492913] ACPI: Added _OSI(3.0 _SCP Extensions)
Mar 27 12:35:13 ccabral kernel: [    0.493513] ACPI: Added _OSI(Processor Aggregator Device)
Mar 27 12:35:13 ccabral kernel: [    0.493907] ACPI: Added _OSI(Linux-Dell-Video)
Mar 27 12:35:13 ccabral kernel: [    0.494506] ACPI: Added _OSI(Linux-Lenovo-NV-HDMI-Audio)
Mar 27 12:35:13 ccabral kernel: [    0.494903] ACPI: Added _OSI(Linux-HPI-Hybrid-Graphics)
Mar 27 12:35:13 ccabral kernel: [    0.495918] ACPI: 1 ACPI AML tables successfully acquired and loaded
Mar 27 12:35:13 ccabral kernel: [    0.497034] ACPI: Interpreter enabled
Mar 27 12:35:13 ccabral kernel: [    0.497631] ACPI: (supports S0 S3 S4 S5)
Mar 27 12:35:13 ccabral kernel: [    0.497903] ACPI: Using IOAPIC for interrupt routing
Mar 27 12:35:13 ccabral kernel: [    0.498523] PCI: Using host bridge windows from ACPI; if necessary, use "pci=nocrs" and report a bug
Mar 27 12:35:13 ccabral kernel: [    0.498968] ACPI: Enabled 2 GPEs in block 00 to 0F
Mar 27 12:35:13 ccabral kernel: [    0.501221] ACPI: PCI Root Bridge [PCI0] (domain 0000 [bus 00-ff])
Mar 27 12:35:13 ccabral kernel: [    0.501869] acpi PNP0A03:00: _OSC: OS supports [ASPM ClockPM Segments MSI]
Mar 27 12:35:13 ccabral kernel: [    0.501908] acpi PNP0A03:00: fail to add MMCONFIG information, can't access extended PCI configuration space under this bridge.
Mar 27 12:35:13 ccabral kernel: [    0.502925] PCI host bridge to bus 0000:00
Mar 27 12:35:13 ccabral kernel: [    0.503512] pci_bus 0000:00: root bus resource [io  0x0000-0x0cf7 window]
Mar 27 12:35:13 ccabral kernel: [    0.503903] pci_bus 0000:00: root bus resource [io  0x0d00-0xffff window]
Mar 27 12:35:13 ccabral kernel: [    0.504555] pci_bus 0000:00: root bus resource [mem 0x000a0000-0x000bffff window]
Mar 27 12:35:13 ccabral kernel: [    0.504902] pci_bus 0000:00: root bus resource [mem 0xc0000000-0xfebfffff window]
Mar 27 12:35:13 ccabral kernel: [    0.505902] pci_bus 0000:00: root bus resource [mem 0x140000000-0x1bfffffff window]
Mar 27 12:35:13 ccabral kernel: [    0.506903] pci_bus 0000:00: root bus resource [bus 00-ff]
Mar 27 12:35:13 ccabral kernel: [    0.507543] pci 0000:00:00.0: [8086:1237] type 00 class 0x060000
Mar 27 12:35:13 ccabral kernel: [    0.507793] pci 0000:00:01.0: [8086:7000] type 00 class 0x060100
Mar 27 12:35:13 ccabral kernel: [    0.508094] pci 0000:00:01.1: [8086:7010] type 00 class 0x010180
Mar 27 12:35:13 ccabral kernel: [    0.509864] pci 0000:00:01.1: reg 0x20: [io  0xc040-0xc04f]
Mar 27 12:35:13 ccabral kernel: [    0.510444] pci 0000:00:01.1: legacy IDE quirk: reg 0x10: [io  0x01f0-0x01f7]
Mar 27 12:35:13 ccabral kernel: [    0.510903] pci 0000:00:01.1: legacy IDE quirk: reg 0x14: [io  0x03f6]
Mar 27 12:35:13 ccabral kernel: [    0.511557] pci 0000:00:01.1: legacy IDE quirk: reg 0x18: [io  0x0170-0x0177]
Mar 27 12:35:13 ccabral kernel: [    0.511902] pci 0000:00:01.1: legacy IDE quirk: reg 0x1c: [io  0x0376]
Mar 27 12:35:13 ccabral kernel: [    0.512682] pci 0000:00:01.3: [8086:7113] type 00 class 0x068000
Mar 27 12:35:13 ccabral kernel: [    0.512910] pci 0000:00:01.3: quirk: [io  0x0600-0x063f] claimed by PIIX4 ACPI
Mar 27 12:35:13 ccabral kernel: [    0.513907] pci 0000:00:01.3: quirk: [io  0x0700-0x070f] claimed by PIIX4 SMB
Mar 27 12:35:13 ccabral kernel: [    0.514700] pci 0000:00:02.0: [1234:1111] type 00 class 0x030000
Mar 27 12:35:13 ccabral kernel: [    0.515907] pci 0000:00:02.0: reg 0x10: [mem 0xfd000000-0xfdffffff pref]
Mar 27 12:35:13 ccabral kernel: [    0.519909] pci 0000:00:02.0: reg 0x18: [mem 0xfebf0000-0xfebf0fff]
Mar 27 12:35:13 ccabral kernel: [    0.527908] pci 0000:00:02.0: reg 0x30: [mem 0xfebe0000-0xfebeffff pref]
Mar 27 12:35:13 ccabral kernel: [    0.528049] pci 0000:00:03.0: [8086:100e] type 00 class 0x020000
Mar 27 12:35:13 ccabral kernel: [    0.528518] pci 0000:00:03.0: reg 0x10: [mem 0xfebc0000-0xfebdffff]
Mar 27 12:35:13 ccabral kernel: [    0.528904] pci 0000:00:03.0: reg 0x14: [io  0xc000-0xc03f]
Mar 27 12:35:13 ccabral kernel: [    0.531522] pci 0000:00:03.0: reg 0x30: [mem 0xfeb80000-0xfebbffff pref]
Mar 27 12:35:13 ccabral kernel: [    0.531959] ACPI: PCI Interrupt Link [LNKA] (IRQs 5 *10 11)
Mar 27 12:35:13 ccabral kernel: [    0.532672] ACPI: PCI Interrupt Link [LNKB] (IRQs 5 *10 11)
Mar 27 12:35:13 ccabral kernel: [    0.532956] ACPI: PCI Interrupt Link [LNKC] (IRQs 5 10 *11)
Mar 27 12:35:13 ccabral kernel: [    0.533646] ACPI: PCI Interrupt Link [LNKD] (IRQs 5 10 *11)
Mar 27 12:35:13 ccabral kernel: [    0.533945] ACPI: PCI Interrupt Link [LNKS] (IRQs *9)
Mar 27 12:35:13 ccabral kernel: [    0.534918] pci 0000:00:02.0: vgaarb: setting as boot VGA device
Mar 27 12:35:13 ccabral kernel: [    0.535556] pci 0000:00:02.0: vgaarb: VGA device added: decodes=io+mem,owns=io+mem,locks=none
Mar 27 12:35:13 ccabral kernel: [    0.535905] pci 0000:00:02.0: vgaarb: bridge control possible
Mar 27 12:35:13 ccabral kernel: [    0.536572] vgaarb: loaded
Mar 27 12:35:13 ccabral kernel: [    0.536945] SCSI subsystem initialized
Mar 27 12:35:13 ccabral kernel: [    0.537607] libata version 3.00 loaded.
Mar 27 12:35:13 ccabral kernel: [    0.537607] ACPI: bus type USB registered
Mar 27 12:35:13 ccabral kernel: [    0.537913] usbcore: registered new interface driver usbfs
Mar 27 12:35:13 ccabral kernel: [    0.538537] usbcore: registered new interface driver hub
Mar 27 12:35:13 ccabral kernel: [    0.538968] usbcore: registered new device driver usb
Mar 27 12:35:13 ccabral kernel: [    0.539585] pps_core: LinuxPPS API ver. 1 registered
Mar 27 12:35:13 ccabral kernel: [    0.539902] pps_core: Software ver. 5.3.6 - Copyright 2005-2007 Rodolfo Giometti <giometti@linux.it>
Mar 27 12:35:13 ccabral kernel: [    0.540904] PTP clock support registered
Mar 27 12:35:13 ccabral kernel: [    0.541554] EDAC MC: Ver: 3.0.0
Mar 27 12:35:13 ccabral kernel: [    0.541997] Advanced Linux Sound Architecture Driver Initialized.
Mar 27 12:35:13 ccabral kernel: [    0.542589] PCI: Using ACPI for IRQ routing
Mar 27 12:35:13 ccabral kernel: [    0.542904] PCI: pci_cache_line_size set to 64 bytes
Mar 27 12:35:13 ccabral kernel: [    0.542953] e820: reserve RAM buffer [mem 0x0009fc00-0x0009ffff]
Mar 27 12:35:13 ccabral kernel: [    0.542954] e820: reserve RAM buffer [mem 0xbffdf000-0xbfffffff]
Mar 27 12:35:13 ccabral kernel: [    0.543024] NetLabel: Initializing
Mar 27 12:35:13 ccabral kernel: [    0.543594] NetLabel:  domain hash size = 128
Mar 27 12:35:13 ccabral kernel: [    0.543902] NetLabel:  protocols = UNLABELED CIPSOv4 CALIPSO
Mar 27 12:35:13 ccabral kernel: [    0.544533] NetLabel:  unlabeled traffic allowed by default
Mar 27 12:35:13 ccabral kernel: [    0.544951] hpet0: at MMIO 0xfed00000, IRQs 2, 8, 0
Mar 27 12:35:13 ccabral kernel: [    0.545562] hpet0: 3 comparators, 64-bit 100.000000 MHz counter
Mar 27 12:35:13 ccabral kernel: [    0.552954] clocksource: Switched to clocksource tsc-early
Mar 27 12:35:13 ccabral kernel: [    0.601079] VFS: Disk quotas dquot_6.6.0
Mar 27 12:35:13 ccabral kernel: [    0.601703] VFS: Dquot-cache hash table entries: 512 (order 0, 4096 bytes)
Mar 27 12:35:13 ccabral kernel: [    0.602534] *** VALIDATE hugetlbfs ***
Mar 27 12:35:13 ccabral kernel: [    0.603305] pnp: PnP ACPI init
Mar 27 12:35:13 ccabral kernel: [    0.603914] pnp 00:00: Plug and Play ACPI device, IDs PNP0b00 (active)
Mar 27 12:35:13 ccabral kernel: [    0.603936] pnp 00:01: Plug and Play ACPI device, IDs PNP0303 (active)
Mar 27 12:35:13 ccabral kernel: [    0.603949] pnp 00:02: Plug and Play ACPI device, IDs PNP0f13 (active)
Mar 27 12:35:13 ccabral kernel: [    0.603954] pnp 00:03: [dma 2]
Mar 27 12:35:13 ccabral kernel: [    0.603960] pnp 00:03: Plug and Play ACPI device, IDs PNP0700 (active)
Mar 27 12:35:13 ccabral kernel: [    0.604005] pnp 00:04: Plug and Play ACPI device, IDs PNP0400 (active)
Mar 27 12:35:13 ccabral kernel: [    0.604033] pnp 00:05: Plug and Play ACPI device, IDs PNP0501 (active)
Mar 27 12:35:13 ccabral kernel: [    0.604157] pnp: PnP ACPI: found 6 devices
Mar 27 12:35:13 ccabral kernel: [    0.611576] clocksource: acpi_pm: mask: 0xffffff max_cycles: 0xffffff, max_idle_ns: 2085701024 ns
Mar 27 12:35:13 ccabral kernel: [    0.612694] pci_bus 0000:00: resource 4 [io  0x0000-0x0cf7 window]
Mar 27 12:35:13 ccabral kernel: [    0.612695] pci_bus 0000:00: resource 5 [io  0x0d00-0xffff window]
Mar 27 12:35:13 ccabral kernel: [    0.612696] pci_bus 0000:00: resource 6 [mem 0x000a0000-0x000bffff window]
Mar 27 12:35:13 ccabral kernel: [    0.612697] pci_bus 0000:00: resource 7 [mem 0xc0000000-0xfebfffff window]
Mar 27 12:35:13 ccabral kernel: [    0.612698] pci_bus 0000:00: resource 8 [mem 0x140000000-0x1bfffffff window]
Mar 27 12:35:13 ccabral kernel: [    0.612732] NET: Registered protocol family 2
Mar 27 12:35:13 ccabral kernel: [    0.613608] tcp_listen_portaddr_hash hash table entries: 2048 (order: 3, 32768 bytes)
Mar 27 12:35:13 ccabral kernel: [    0.614722] TCP established hash table entries: 32768 (order: 6, 262144 bytes)
Mar 27 12:35:13 ccabral kernel: [    0.615830] TCP bind hash table entries: 32768 (order: 7, 524288 bytes)
Mar 27 12:35:13 ccabral kernel: [    0.616534] TCP: Hash tables configured (established 32768 bind 32768)
Mar 27 12:35:13 ccabral kernel: [    0.617212] UDP hash table entries: 2048 (order: 4, 65536 bytes)
Mar 27 12:35:13 ccabral kernel: [    0.617856] UDP-Lite hash table entries: 2048 (order: 4, 65536 bytes)
Mar 27 12:35:13 ccabral kernel: [    0.618548] NET: Registered protocol family 1
Mar 27 12:35:13 ccabral kernel: [    0.619390] RPC: Registered named UNIX socket transport module.
Mar 27 12:35:13 ccabral kernel: [    0.620043] RPC: Registered udp transport module.
Mar 27 12:35:13 ccabral kernel: [    0.620661] RPC: Registered tcp transport module.
Mar 27 12:35:13 ccabral kernel: [    0.621281] RPC: Registered tcp NFSv4.1 backchannel transport module.
Mar 27 12:35:13 ccabral kernel: [    0.622079] pci 0000:00:01.0: PIIX3: Enabling Passive Release
Mar 27 12:35:13 ccabral kernel: [    0.622708] pci 0000:00:00.0: Limiting direct PCI/PCI transfers
Mar 27 12:35:13 ccabral kernel: [    0.623355] pci 0000:00:01.0: Activating ISA DMA hang workarounds
Mar 27 12:35:13 ccabral kernel: [    0.624026] pci 0000:00:02.0: Video device with shadowed ROM at [mem 0x000c0000-0x000dffff]
Mar 27 12:35:13 ccabral kernel: [    0.625135] PCI: CLS 0 bytes, default 64
Mar 27 12:35:13 ccabral kernel: [    0.625159] PCI-DMA: Using software bounce buffering for IO (SWIOTLB)
Mar 27 12:35:13 ccabral kernel: [    0.625801] software IO TLB: mapped [mem 0xbbfdf000-0xbffdf000] (64MB)
Mar 27 12:35:13 ccabral kernel: [    0.628197] check: Scanning for low memory corruption every 60 seconds
Mar 27 12:35:13 ccabral kernel: [    0.629211] Initialise system trusted keyrings
Mar 27 12:35:13 ccabral kernel: [    0.629874] workingset: timestamp_bits=56 max_order=20 bucket_order=0
Mar 27 12:35:13 ccabral kernel: [    0.631703] NFS: Registering the id_resolver key type
Mar 27 12:35:13 ccabral kernel: [    0.632390] Key type id_resolver registered
Mar 27 12:35:13 ccabral kernel: [    0.633112] Key type id_legacy registered
Mar 27 12:35:13 ccabral kernel: [    0.634852] cryptomgr_test (61) used greatest stack depth: 15200 bytes left
Mar 27 12:35:13 ccabral kernel: [    0.635573] kworker/u14:0 (63) used greatest stack depth: 14528 bytes left
Mar 27 12:35:13 ccabral kernel: [    0.637442] kworker/u14:0 (101) used greatest stack depth: 14080 bytes left
Mar 27 12:35:13 ccabral kernel: [    0.638617] Key type asymmetric registered
Mar 27 12:35:13 ccabral kernel: [    0.639220] Asymmetric key parser 'x509' registered
Mar 27 12:35:13 ccabral kernel: [    0.639828] Block layer SCSI generic (bsg) driver version 0.4 loaded (major 251)
Mar 27 12:35:13 ccabral kernel: [    0.640892] io scheduler mq-deadline registered
Mar 27 12:35:13 ccabral kernel: [    0.641497] io scheduler kyber registered
Mar 27 12:35:13 ccabral kernel: [    0.642502] input: Power Button as /devices/LNXSYSTM:00/LNXPWRBN:00/input/input0
Mar 27 12:35:13 ccabral kernel: [    0.643849] ACPI: Power Button [PWRF]
Mar 27 12:35:13 ccabral kernel: [    0.644795] Serial: 8250/16550 driver, 4 ports, IRQ sharing enabled
Mar 27 12:35:13 ccabral kernel: [    0.667549] 00:05: ttyS0 at I/O 0x3f8 (irq = 4, base_baud = 115200) is a 16550A
Mar 27 12:35:13 ccabral kernel: [    0.669145] Non-volatile memory driver v1.3
Mar 27 12:35:13 ccabral kernel: [    0.669833] Linux agpgart interface v0.103
Mar 27 12:35:13 ccabral kernel: [    0.672335] loop: module loaded
Mar 27 12:35:13 ccabral kernel: [    0.673150] ata_piix 0000:00:01.1: version 2.13
Mar 27 12:35:13 ccabral kernel: [    0.673691] scsi host0: ata_piix
Mar 27 12:35:13 ccabral kernel: [    0.674466] scsi host1: ata_piix
Mar 27 12:35:13 ccabral kernel: [    0.675092] ata1: PATA max MWDMA2 cmd 0x1f0 ctl 0x3f6 bmdma 0xc040 irq 14
Mar 27 12:35:13 ccabral kernel: [    0.675747] ata2: PATA max MWDMA2 cmd 0x170 ctl 0x376 bmdma 0xc048 irq 15
Mar 27 12:35:13 ccabral kernel: [    0.676474] e100: Intel(R) PRO/100 Network Driver, 3.5.24-k2-NAPI
Mar 27 12:35:13 ccabral kernel: [    0.677130] e100: Copyright(c) 1999-2006 Intel Corporation
Mar 27 12:35:13 ccabral kernel: [    0.677772] e1000: Intel(R) PRO/1000 Network Driver - version 7.3.21-k8-NAPI
Mar 27 12:35:13 ccabral kernel: [    0.678465] e1000: Copyright (c) 1999-2006 Intel Corporation.
Mar 27 12:35:13 ccabral kernel: [    0.694159] PCI Interrupt Link [LNKC] enabled at IRQ 11
Mar 27 12:35:13 ccabral kernel: [    0.831486] ata2.01: NODEV after polling detection
Mar 27 12:35:13 ccabral kernel: [    0.831759] ata1.01: NODEV after polling detection
Mar 27 12:35:13 ccabral kernel: [    0.831879] ata2.00: ATAPI: QEMU DVD-ROM, 2.5+, max UDMA/100
Mar 27 12:35:13 ccabral kernel: [    0.832636] ata1.00: ATA-7: QEMU HARDDISK, 2.5+, max UDMA/100
Mar 27 12:35:13 ccabral kernel: [    0.833274] ata1.00: 100663296 sectors, multi 16: LBA48 
Mar 27 12:35:13 ccabral kernel: [    0.834631] scsi 0:0:0:0: Direct-Access     ATA      QEMU HARDDISK    2.5+ PQ: 0 ANSI: 5
Mar 27 12:35:13 ccabral kernel: [    0.835896] sd 0:0:0:0: Attached scsi generic sg0 type 0
Mar 27 12:35:13 ccabral kernel: [    0.835950] sd 0:0:0:0: [sda] 100663296 512-byte logical blocks: (51.5 GB/48.0 GiB)
Mar 27 12:35:13 ccabral kernel: [    0.836876] scsi 1:0:0:0: CD-ROM            QEMU     QEMU DVD-ROM     2.5+ PQ: 0 ANSI: 5
Mar 27 12:35:13 ccabral kernel: [    0.837647] sd 0:0:0:0: [sda] Write Protect is off
Mar 27 12:35:13 ccabral kernel: [    0.839357] sd 0:0:0:0: [sda] Mode Sense: 00 3a 00 00
Mar 27 12:35:13 ccabral kernel: [    0.839366] sd 0:0:0:0: [sda] Write cache: enabled, read cache: enabled, doesn't support DPO or FUA
Mar 27 12:35:13 ccabral kernel: [    0.840474] sd 0:0:0:0: [sda] Optimal transfer size 0 bytes < PAGE_SIZE (4096 bytes)
Mar 27 12:35:13 ccabral kernel: [    0.844113]  sda: sda1 sda2 sda3 sda4
Mar 27 12:35:13 ccabral kernel: [    0.845062] sd 0:0:0:0: [sda] Attached SCSI disk
Mar 27 12:35:13 ccabral kernel: [    0.983847] sr 1:0:0:0: [sr0] scsi3-mmc drive: 4x/4x cd/rw xa/form2 tray
Mar 27 12:35:13 ccabral kernel: [    0.984506] cdrom: Uniform CD-ROM driver Revision: 3.20
Mar 27 12:35:13 ccabral kernel: [    0.985401] sr 1:0:0:0: Attached scsi CD-ROM sr0
Mar 27 12:35:13 ccabral kernel: [    0.985553] sr 1:0:0:0: Attached scsi generic sg1 type 5
Mar 27 12:35:13 ccabral kernel: [    1.009614] e1000 0000:00:03.0 eth0: (PCI:33MHz:32-bit) 52:54:00:12:34:56
Mar 27 12:35:13 ccabral kernel: [    1.010305] e1000 0000:00:03.0 eth0: Intel(R) PRO/1000 Network Connection
Mar 27 12:35:13 ccabral kernel: [    1.010982] e1000e: Intel(R) PRO/1000 Network Driver - 3.2.6-k
Mar 27 12:35:13 ccabral kernel: [    1.011610] e1000e: Copyright(c) 1999 - 2015 Intel Corporation.
Mar 27 12:35:13 ccabral kernel: [    1.012269] sky2: driver version 1.30
Mar 27 12:35:13 ccabral kernel: [    1.013016] ehci_hcd: USB 2.0 'Enhanced' Host Controller (EHCI) Driver
Mar 27 12:35:13 ccabral kernel: [    1.013670] ehci-pci: EHCI PCI platform driver
Mar 27 12:35:13 ccabral kernel: [    1.014283] ohci_hcd: USB 1.1 'Open' Host Controller (OHCI) Driver
Mar 27 12:35:13 ccabral kernel: [    1.014933] ohci-pci: OHCI PCI platform driver
Mar 27 12:35:13 ccabral kernel: [    1.015543] uhci_hcd: USB Universal Host Controller Interface driver
Mar 27 12:35:13 ccabral kernel: [    1.016208] usbcore: registered new interface driver usblp
Mar 27 12:35:13 ccabral kernel: [    1.016831] usbcore: registered new interface driver usb-storage
Mar 27 12:35:13 ccabral kernel: [    1.017490] i8042: PNP: PS/2 Controller [PNP0303:KBD,PNP0f13:MOU] at 0x60,0x64 irq 1,12
Mar 27 12:35:13 ccabral kernel: [    1.019241] serio: i8042 KBD port at 0x60,0x64 irq 1
Mar 27 12:35:13 ccabral kernel: [    1.019855] serio: i8042 AUX port at 0x60,0x64 irq 12
Mar 27 12:35:13 ccabral kernel: [    1.020786] rtc_cmos 00:00: RTC can wake from S4
Mar 27 12:35:13 ccabral kernel: [    1.022336] input: AT Translated Set 2 keyboard as /devices/platform/i8042/serio0/input/input1
Mar 27 12:35:13 ccabral kernel: [    1.023773] rtc_cmos 00:00: registered as rtc0
Mar 27 12:35:13 ccabral kernel: [    1.024512] rtc_cmos 00:00: alarms up to one day, y3k, 114 bytes nvram, hpet irqs
Mar 27 12:35:13 ccabral kernel: [    1.025775] device-mapper: ioctl: 4.40.0-ioctl (2019-01-18) initialised: dm-devel@redhat.com
Mar 27 12:35:13 ccabral kernel: [    1.026896] intel_pstate: CPU ID not supported
Mar 27 12:35:13 ccabral kernel: [    1.027537] hidraw: raw HID events driver (C) Jiri Kosina
Mar 27 12:35:13 ccabral kernel: [    1.028298] usbcore: registered new interface driver usbhid
Mar 27 12:35:13 ccabral kernel: [    1.028950] usbhid: USB HID core driver
Mar 27 12:35:13 ccabral kernel: [    1.030481] Initializing XFRM netlink socket
Mar 27 12:35:13 ccabral kernel: [    1.031231] NET: Registered protocol family 10
Mar 27 12:35:13 ccabral kernel: [    1.032269] Segment Routing with IPv6
Mar 27 12:35:13 ccabral kernel: [    1.033542] sit: IPv6, IPv4 and MPLS over IPv4 tunneling driver
Mar 27 12:35:13 ccabral kernel: [    1.034309] NET: Registered protocol family 17
Mar 27 12:35:13 ccabral kernel: [    1.034954] Key type dns_resolver registered
Mar 27 12:35:13 ccabral kernel: [    1.036088] sched_clock: Marking stable (985000054, 51061336)->(1225424111, -189362721)
Mar 27 12:35:13 ccabral kernel: [    1.037861] registered taskstats version 1
Mar 27 12:35:13 ccabral kernel: [    1.038508] Loading compiled-in X.509 certificates
Mar 27 12:35:13 ccabral kernel: [    1.039269] PM:   Magic number: 11:206:581
Mar 27 12:35:13 ccabral kernel: [    1.039862] sound seq: hash matches
Mar 27 12:35:13 ccabral kernel: [    1.040472] printk: console [netcon0] enabled
Mar 27 12:35:13 ccabral kernel: [    1.041076] netconsole: network logging started
Mar 27 12:35:13 ccabral kernel: [    1.041738] cfg80211: Loading compiled-in X.509 certificates for regulatory database
Mar 27 12:35:13 ccabral kernel: [    1.043712] cfg80211: Loaded X.509 cert 'sforshee: 00b28ddf47aef9cea7'
Mar 27 12:35:13 ccabral kernel: [    1.044396] platform regulatory.0: Direct firmware load for regulatory.db failed with error -2
Mar 27 12:35:13 ccabral kernel: [    1.045507] cfg80211: failed to load regulatory.db
Mar 27 12:35:13 ccabral kernel: [    1.045997] ALSA device list:
Mar 27 12:35:13 ccabral kernel: [    1.046690]   No soundcards found.
Mar 27 12:35:13 ccabral kernel: [    1.638315] input: ImExPS/2 Generic Explorer Mouse as /devices/platform/i8042/serio1/input/input3
Mar 27 12:35:13 ccabral kernel: [    1.669470] tsc: Refined TSC clocksource calibration: 1799.990 MHz
Mar 27 12:35:13 ccabral kernel: [    1.670748] clocksource: tsc: mask: 0xffffffffffffffff max_cycles: 0x19f22049b0a, max_idle_ns: 440795294996 ns
Mar 27 12:35:13 ccabral kernel: [    1.672997] clocksource: Switched to clocksource tsc
Mar 27 12:35:13 ccabral kernel: [    1.674198] md: Waiting for all devices to be available before autodetect
Mar 27 12:35:13 ccabral kernel: [    1.675257] md: If you don't use raid, use raid=noautodetect
Mar 27 12:35:13 ccabral kernel: [    1.676472] md: Autodetecting RAID arrays.
Mar 27 12:35:13 ccabral kernel: [    1.677398] md: autorun ...
Mar 27 12:35:13 ccabral kernel: [    1.678151] md: ... autorun DONE.
Mar 27 12:35:13 ccabral kernel: [    1.683048] EXT4-fs (sda3): mounted filesystem with ordered data mode. Opts: (null)
Mar 27 12:35:13 ccabral kernel: [    1.684566] VFS: Mounted root (ext4 filesystem) readonly on device 8:3.
Mar 27 12:35:13 ccabral kernel: [    1.686265] devtmpfs: mounted
Mar 27 12:35:13 ccabral kernel: [    1.687162] Freeing unused kernel image memory: 1276K
Mar 27 12:35:13 ccabral kernel: [    1.696166] Write protecting the kernel read-only data: 20480k
Mar 27 12:35:13 ccabral kernel: [    1.697372] Freeing unused kernel image memory: 2008K
Mar 27 12:35:13 ccabral kernel: [    1.698312] Freeing unused kernel image memory: 1016K
Mar 27 12:35:13 ccabral kernel: [    1.698963] Run /sbin/init as init process
Mar 27 12:35:13 ccabral kernel: [    1.728742] stty (144) used greatest stack depth: 13352 bytes left
Mar 27 12:35:13 ccabral kernel: [    1.767573] random: fast init done
Mar 27 12:35:13 ccabral kernel: [    1.799847] ip (204) used greatest stack depth: 12352 bytes left
Mar 27 12:35:13 ccabral kernel: <30>[    1.822527] udevd[234]: starting version 3.2.5
Mar 27 12:35:13 ccabral kernel: [    1.824773] random: udevd: uninitialized urandom read (16 bytes read)
Mar 27 12:35:13 ccabral kernel: [    1.825676] random: udevd: uninitialized urandom read (16 bytes read)
Mar 27 12:35:13 ccabral kernel: [    1.826567] random: udevd: uninitialized urandom read (16 bytes read)
Mar 27 12:35:13 ccabral kernel: <30>[    1.835278] udevd[235]: starting eudev-3.2.5
Mar 27 12:35:13 ccabral kernel: [    1.859189] e1000 0000:00:03.0 enp0s3: renamed from eth0
Mar 27 12:35:13 ccabral kernel: [    2.340530] Adding 3145724k swap on /dev/sda4.  Priority:1 extents:1 across:3145724k 
Mar 27 12:35:13 ccabral kernel: [    2.391726] EXT4-fs (sda3): re-mounted. Opts: (null)
Mar 27 12:35:13 ccabral kernel: [    2.503245] EXT4-fs (sda3): re-mounted. Opts: (null)
Mar 27 12:35:13 ccabral kernel: [    2.538040] EXT4-fs (sda2): mounted filesystem with ordered data mode. Opts: (null)
Mar 27 12:35:13 ccabral kernel: [    3.179724] random: crng init done
Mar 27 12:35:13 ccabral kernel: [    3.180309] random: 4 urandom warning(s) missed due to ratelimiting
Mar 27 12:35:13 ccabral kernel: [    3.217979] ip (551) used greatest stack depth: 12304 bytes left
Mar 27 12:35:13 ccabral kernel: [    3.219384] e1000: enp0s3 NIC Link is Up 1000 Mbps Full Duplex, Flow Control: RX
Mar 27 12:35:13 ccabral kernel: [    3.220808] IPv6: ADDRCONF(NETDEV_CHANGE): enp0s3: link becomes ready
